C51 COMPILER V9.60.0.0   BOARD_IO                                                          10/09/2026 18:38:30 PAGE 1   


C51 COMPILER V9.60.0.0, COMPILATION OF MODULE BOARD_IO
OBJECT MODULE PLACED IN .\Output\board_io.obj
COMPILER INVOKED BY: D:\Applications\C51\BIN\C51.EXE src\board_io.c LARGE OMF2 OPTIMIZE(7,SPEED) BROWSE INCDIR(.\src;ven
                    -dor\MS51_BSP\MS51FC0AE_MS51XC0BE_MS51EB0AE_MS51EC0AE_MS51TC0AE_MS51PC0AE\Library\Device\Include;vendor\MS51_BSP\MS51FC0A
                    -E_MS51XC0BE_MS51EB0AE_MS51EC0AE_MS51TC0AE_MS51PC0AE\Library\StdDriver\inc) DEBUG PRINT(.\lst\board_io.lst) TABS(2) OBJEC
                    -T(.\Output\board_io.obj)

line level    source

   1          #include "board_io.h"
   2          #include "delay.h"
   3          
   4          sbit LED_1_PIN = P3^0;
   5          sbit LED_2_PIN = P1^7;
   6          sbit BUZZER_PIN = P3^4;
   7          sbit RELAY_SET_1_PIN = P0^5;
   8          sbit RELAY_SET_2_PIN = P0^4;
   9          sbit RELAY_SET_3_PIN = P0^3;
  10          sbit RELAY_RESET_1_PIN = P0^0;
  11          sbit RELAY_RESET_2_PIN = P1^0;
  12          sbit RELAY_RESET_3_PIN = P1^1;
  13          sbit RS485_1_DE_PIN = P3^3;
  14          sbit RS485_1_DE_ALT_PIN = P2^5;
  15          sbit RS485_2_DE_PIN = P0^1;
  16          sbit SHIFT_DATA_PIN = P2^1;
  17          sbit SHIFT_CLOCK_PIN = P2^2;
  18          sbit SHIFT_LATCH_PIN = P2^3;
  19          sbit KEY_1_PIN = P3^5;
  20          sbit KEY_2_PIN = P3^2;
  21          sbit KEY_3_PIN = P3^1;
  22          sbit IR_INPUT_PIN = P2^4;
  23          
  24          void Board_RelaysOff(void)
  25          {
  26   1          SFRS = 0;
  27   1          RELAY_SET_1_PIN = 0;
  28   1          RELAY_SET_2_PIN = 0;
  29   1          RELAY_SET_3_PIN = 0;
  30   1          RELAY_RESET_1_PIN = 0;
  31   1          RELAY_RESET_2_PIN = 0;
  32   1          RELAY_RESET_3_PIN = 0;
  33   1      }
  34          
  35          void Board_Init(void)
  36          {
  37   1          Board_RelaysOff();
  38   1          BUZZER_PIN = 0;
  39   1          RS485_1_DE_PIN = 0;
  40   1          RS485_1_DE_ALT_PIN = 0;
  41   1          RS485_2_DE_PIN = 0;
  42   1          LED_1_PIN = 1;
  43   1          LED_2_PIN = 1;
  44   1          SHIFT_DATA_PIN = 0;
  45   1          SHIFT_CLOCK_PIN = 0;
  46   1          SHIFT_LATCH_PIN = 0;
  47   1      
  48   1          P00_PUSHPULL_MODE;
  49   1          P01_PUSHPULL_MODE;
  50   1          P03_PUSHPULL_MODE;
  51   1          P04_PUSHPULL_MODE;
  52   1          P05_PUSHPULL_MODE;
C51 COMPILER V9.60.0.0   BOARD_IO                                                          10/09/2026 18:38:30 PAGE 2   

  53   1          P10_PUSHPULL_MODE;
  54   1          P11_PUSHPULL_MODE;
  55   1          P17_PUSHPULL_MODE;
  56   1          P21_PUSHPULL_MODE;
  57   1          P22_PUSHPULL_MODE;
  58   1          P23_PUSHPULL_MODE;
  59   1          P25_PUSHPULL_MODE;
  60   1          P30_PUSHPULL_MODE;
  61   1          P33_PUSHPULL_MODE;
  62   1          P34_PUSHPULL_MODE;
  63   1      
  64   1          P31_INPUT_MODE;
  65   1          P32_INPUT_MODE;
  66   1          P35_INPUT_MODE;
  67   1          P24_INPUT_MODE;
  68   1      
  69   1          P37_INPUT_MODE;
  70   1          P36_QUASI_MODE;
  71   1          P06_PUSHPULL_MODE;
  72   1          P07_INPUT_MODE;
  73   1          P13_OPENDRAIN_MODE;
  74   1          P14_OPENDRAIN_MODE;
  75   1          SFRS = 0;
  76   1      }
  77          
  78          void Board_DelayMs(uint16_t milliseconds)
  79          {
  80   1          while (milliseconds >= 1000)
  81   1          {
  82   2              Timer0_Delay(24000000UL, 1000, 1000);
  83   2              milliseconds -= 1000;
  84   2          }
  85   1          if (milliseconds != 0)
  86   1          {
  87   2              Timer0_Delay(24000000UL, milliseconds, 1000);
  88   2          }
  89   1      }
  90          
  91          void Board_SetLed(uint8_t led, uint8_t on)
  92          {
  93   1          SFRS = 0;
  94   1          if (led == 1)
  95   1          {
  96   2              LED_1_PIN = on ? 0 : 1;
  97   2          }
  98   1          else if (led == 2)
  99   1          {
 100   2              LED_2_PIN = on ? 0 : 1;
 101   2          }
 102   1      }
 103          
 104          void Board_SetBuzzer(uint8_t on)
 105          {
 106   1          SFRS = 0;
 107   1          BUZZER_PIN = on ? 1 : 0;
 108   1      }
 109          
 110          void Board_PulseRelay(uint8_t channel, uint8_t set_coil, uint16_t milliseconds)
 111          {
 112   1          SFRS = 0;
 113   1          if (channel == 1)
 114   1          {
C51 COMPILER V9.60.0.0   BOARD_IO                                                          10/09/2026 18:38:30 PAGE 3   

 115   2              if (set_coil) RELAY_SET_1_PIN = 1;
 116   2              else RELAY_RESET_1_PIN = 1;
 117   2          }
 118   1          else if (channel == 2)
 119   1          {
 120   2              if (set_coil) RELAY_SET_2_PIN = 1;
 121   2              else RELAY_RESET_2_PIN = 1;
 122   2          }
 123   1          else if (channel == 3)
 124   1          {
 125   2              if (set_coil) RELAY_SET_3_PIN = 1;
 126   2              else RELAY_RESET_3_PIN = 1;
 127   2          }
 128   1          else
 129   1          {
 130   2              return;
 131   2          }
 132   1      
 133   1          Board_DelayMs(milliseconds);
 134   1          Board_RelaysOff();
 135   1      }
 136          
 137          void Board_SetRs485Transmit(uint8_t port, uint8_t enable)
 138          {
 139   1          SFRS = 0;
 140   1          if (port == 1)
 141   1          {
 142   2              RS485_1_DE_PIN = enable ? 1 : 0;
 143   2              RS485_1_DE_ALT_PIN = enable ? 1 : 0;
 144   2          }
 145   1          else if (port == 2)
 146   1          {
 147   2              RS485_2_DE_PIN = enable ? 1 : 0;
 148   2          }
 149   1      }
 150          
 151          void Board_Shift595(uint8_t value)
 152          {
 153   1          uint8_t bit_index;
 154   1      
 155   1          SFRS = 0;
 156   1          SHIFT_LATCH_PIN = 0;
 157   1          for (bit_index = 0; bit_index < 8; bit_index++)
 158   1          {
 159   2              SHIFT_CLOCK_PIN = 0;
 160   2              SHIFT_DATA_PIN = (value & 0x80) ? 1 : 0;
 161   2              SHIFT_CLOCK_PIN = 1;
 162   2              value <<= 1;
 163   2          }
 164   1          SHIFT_CLOCK_PIN = 0;
 165   1          SHIFT_LATCH_PIN = 1;
 166   1          SHIFT_LATCH_PIN = 0;
 167   1      }
 168          
 169          uint8_t Board_KeyPressed(uint8_t key)
 170          {
 171   1          SFRS = 0;
 172   1          if (key == 1) return (KEY_1_PIN == 0);
 173   1          if (key == 2) return (KEY_2_PIN == 0);
 174   1          if (key == 3) return (KEY_3_PIN == 0);
 175   1          return 0;
 176   1      }
C51 COMPILER V9.60.0.0   BOARD_IO                                                          10/09/2026 18:38:30 PAGE 4   

 177          
 178          uint8_t Board_IrActive(void)
 179          {
 180   1          SFRS = 2;
 181   1          return (IR_INPUT_PIN == 0);
 182   1      }


MODULE INFORMATION:   STATIC OVERLAYABLE
   CODE SIZE        =    624    ----
   CONSTANT SIZE    =   ----    ----
   XDATA SIZE       =   ----       2
   PDATA SIZE       =   ----    ----
   DATA SIZE        =   ----    ----
   IDATA SIZE       =   ----    ----
   BIT SIZE         =   ----    ----
   EDATA SIZE       =   ----    ----
   HDATA SIZE       =   ----    ----
   XDATA CONST SIZE =   ----    ----
   FAR CONST SIZE   =   ----    ----
END OF MODULE INFORMATION.


C51 COMPILATION COMPLETE.  0 WARNING(S),  0 ERROR(S)
