C51 COMPILER V9.60.0.0   DELAY                                                             10/09/2026 18:05:23 PAGE 1   


C51 COMPILER V9.60.0.0, COMPILATION OF MODULE DELAY
OBJECT MODULE PLACED IN .\Output\delay.obj
COMPILER INVOKED BY: D:\Applications\C51\BIN\C51.EXE vendor\MS51_BSP\MS51FC0AE_MS51XC0BE_MS51EB0AE_MS51EC0AE_MS51TC0AE_M
                    -S51PC0AE\Library\StdDriver\src\delay.c LARGE OMF2 OPTIMIZE(7,SPEED) BROWSE INCDIR(.\src;vendor\MS51_BSP\MS51FC0AE_MS51XC
                    -0BE_MS51EB0AE_MS51EC0AE_MS51TC0AE_MS51PC0AE\Library\Device\Include;vendor\MS51_BSP\MS51FC0AE_MS51XC0BE_MS51EB0AE_MS51EC0
                    -AE_MS51TC0AE_MS51PC0AE\Library\StdDriver\inc) DEBUG PRINT(.\lst\delay.lst) TABS(2) OBJECT(.\Output\delay.obj)

line level    source

   1          /*--------------------------------------------------------------------------------------------------------
             --*/
   2          /*                                                                                                        
             - */
   3          /* SPDX-License-Identifier: Apache-2.0                                                                    
             - */
   4          /* Copyright(c) 2024 Nuvoton Technology Corp. All rights reserved.                                        
             - */
   5          /*                                                                                                        
             - */
   6          /*--------------------------------------------------------------------------------------------------------
             --*/
   7          #include "numicro_8051.h"
   8          
   9          /**
  10            * @brief Timer0 delay setting
  11            * @param[in] u32SYSCLK define Fsys clock value. for example 24000000, use the real Fsys value.
  12            *                       - \ref 24000000 (use HIRC 24MHz)
  13            *                       - \ref 16000000 (use HIRC 16MHz)
  14            * @param[in] u8CNT define count time.
  15            * @param[in] u6DLYUnit define delay time base is us. From 1~10000, the maxima value please not over 1000
             -0.
  16            *                       - \ref 1000 (1ms)
  17            *                       - \ref 100 (100us)
  18            * @return  None
  19            * @note    If use LIRC or LXT as Fsys need adjust this marco.
  20            * @exmaple :  Timer0_Delay(16000000,200,1000);
  21          */
  22          void Timer0_Delay(uint32_t u32SYSCLK, uint16_t u16CNT, uint16_t u16DLYUnit)
  23          {
  24   1            uint8_t TL0TMP, TH0TMP;
  25   1      
  26   1            SFRS = 0;
  27   1            TIMER0_FSYS_DIV12;                                  //T0M=0, Timer0 Clock = Fsys/12
  28   1            ENABLE_TIMER0_MODE1;                                   //Timer0 is 16-bit mode
  29   1            TL0TMP = LOBYTE(65535-((u32SYSCLK/1000000)*u16DLYUnit/12));
  30   1            TH0TMP = HIBYTE(65535-((u32SYSCLK/1000000)*u16DLYUnit/12));
  31   1        
  32   1          while (u16CNT != 0)
  33   1          {
  34   2            TL0=TL0TMP;
  35   2            TH0=TH0TMP;
  36   2            set_TCON_TR0;                                    //Start Timer0
  37   2            while (!TF0);                       //Check Timer0 Time-Out Flag
  38   2            clr_TCON_TF0;
  39   2            clr_TCON_TR0;                       //Stop Timer0
  40   2            u16CNT --;
  41   2          }
  42   1          
  43   1            TL0  = 0; 
  44   1            TH0 = 0;
  45   1      }
C51 COMPILER V9.60.0.0   DELAY                                                             10/09/2026 18:05:23 PAGE 2   

  46          
  47          /**
  48            * @brief Timer1 delay setting
  49            * @param[in] u32SYSCLK define Fsys clock value. for example 24000000, use the real Fsys value.
  50            *                       - \ref 24000000 (use HIRC)
  51            *                       - \ref 22118400 (use HXT)
  52            * @param[in] u8CNT define count time.
  53            * @param[in] u6DLYUnit define delay time base is us. From 1~10000, the maxima value please not over 1000
             -0.
  54            *                       - \ref 1000 (1ms)
  55            *                       - \ref 100 (100us)
  56            * @return  None
  57            * @note    If use LIRC or LXT as Fsys need adjust this marco.
  58            * @exmaple :  Timer1_Delay(16000000,5,1000);
  59          */
  60          void Timer1_Delay(uint32_t u32SYSCLK, uint16_t u16CNT, uint16_t u16DLYUnit)
  61          {
  62   1          uint8_t TL1TMP,TH1TMP;
  63   1          
  64   1          SFRS = 0;
  65   1          TIMER1_FSYS_DIV12;                                 //T1M=0, Timer1 Clock = Fsys/12
  66   1          ENABLE_TIMER1_MODE1;                                //Timer1 is 16-bit mode
  67   1          TL1TMP = LOBYTE(65535-((u32SYSCLK/1000000)*u16DLYUnit)/12);
  68   1          TH1TMP = HIBYTE(65535-((u32SYSCLK/1000000)*u16DLYUnit)/12);
  69   1        
  70   1          while (u16CNT != 0)
  71   1          {
  72   2            TL1 = TL1TMP;
  73   2            TH1 = TH1TMP;
  74   2            set_TCON_TR1;                                //Start Timer1
  75   2            while (!TF1);                                //Check Timer1 Time-Out Flag
  76   2            clr_TCON_TF1;
  77   2            clr_TCON_TR1;
  78   2            u16CNT --;
  79   2          }
  80   1      }
  81          
  82          /**
  83            * @brief Timer2 delay setting
  84            * @param[in] u32SYSCLK define Fsys clock value. for example 24000000, use the real Fsys value.
  85            *                       - \ref 24000000 (use HIRC)
  86            *                       - \ref 22118400 (use HXT for example)
  87            * @param[in] u16TMDIV define timer2 clock devider value from 1\4\16\32\64\128\256\512 detail check datas
             -heet T2MOD.
  88            *                       - \ref 512
  89            * @param[in] u16CNT define total count times.
  90            * @param[in] u6DLYUnit define delay time base is us. From 1~1000000, please consider the value with devi
             -der.
  91            *                       - \ref 1000 (1ms)
  92            *                       - \ref 100 (100us)
  93            * @return  None
  94            * @note    If use LIRC or LXT as Fsys need adjust this marco.
  95            * @exmaple :  Timer2_Delay(16000000,128,5,1000);
  96          */
  97          void Timer2_Delay(uint32_t u32SYSCLK, uint16_t u16TMDIV, uint16_t u16CNT, uint32_t u32DLYUnit)
  98          {
  99   1          uint8_t TL2TMP,TH2TMP;
 100   1        
 101   1          SFRS = 0;
 102   1          switch (u16TMDIV)
 103   1          {
 104   2            case 1:T2MOD&=0x8F; break;
C51 COMPILER V9.60.0.0   DELAY                                                             10/09/2026 18:05:23 PAGE 3   

 105   2            case 4:T2MOD&=0x8F;T2MOD|=0x10; break;
 106   2            case 16:T2MOD&=0x8F;T2MOD|=0x20; break;
 107   2            case 32:T2MOD&=0x8F;T2MOD|=0x30; break;
 108   2            case 64:T2MOD&=0x8F;T2MOD|=0x40; break;
 109   2            case 128:T2MOD&=0x8F;T2MOD|=0x50; break;
 110   2            case 256:T2MOD&=0x8F;T2MOD|=0x60; break;
 111   2            case 512:T2MOD&=0x8F;T2MOD|=0x70; break;
 112   2          }
 113   1          clr_T2CON_CMRL2;                                  //Timer 2 as auto-reload mode
 114   1          set_T2MOD_LDEN;
 115   1          set_T2MOD_CMPCR;                                  //Timer 2 value is auto-cleared as 0000H when a comp
             -are match occurs.
 116   1          TL2TMP = LOBYTE(65536-((u32SYSCLK/1000000)*u32DLYUnit/u16TMDIV));
 117   1          TH2TMP = HIBYTE(65536-((u32SYSCLK/1000000)*u32DLYUnit/u16TMDIV));
 118   1          while (u16CNT != 0)
 119   1          {
 120   2            TL2 = TL2TMP;
 121   2            TH2 = TH2TMP;
 122   2            set_T2CON_TR2;                                    //Start Timer2
 123   2            while (TF2!=1);            //Check Timer2 Time-Out Flag
 124   2            clr_T2CON_TF2;
 125   2            clr_T2CON_TR2;                                    //Stop Timer2
 126   2            u16CNT --;
 127   2          }
 128   1      }
 129          /**
 130            * @brief Timer3 delay setting
 131            * @param[in] u32SYSCLK define Fsys clock value. for example 24000000, use the real Fsys value.
 132            *                       - \ref 24000000 (use HIRC)
 133            *                       - \ref 22118400 (use HXT for example)
 134            * @param[in] u8TMDIV define timer2 clock devider value from 1\2\4\8\16\32\64\128 detail check datasheet 
             -T3MOD.
 135            *                       - \ref 512
 136            * @param[in] u16CNT define total count times.
 137            * @param[in] u32DLYUnit define delay time base is us. From 1~1000000, please consider the value with dev
             -ider.
 138            *                       - \ref 1000 (1ms)
 139            *                       - \ref 100 (100us)
 140            * @return  None
 141            * @note    If use LIRC or LXT as Fsys need adjust this marco.
 142            * @exmaple :  Timer3_Delay(16000000,16,5,1000);
 143          */
 144          void Timer3_Delay(uint32_t u32SYSCLK, uint8_t u8TMDIV, uint16_t u16CNT, uint32_t u32DLYUnit)
 145          {
 146   1          uint8_t TL3TMP,TH3TMP;  
 147   1        
 148   1          SFRS = 0;
 149   1          switch (u8TMDIV)
 150   1          {
 151   2            case 1:T3CON&=0xF8; break;
 152   2            case 2:T3CON&=0xF8;T3CON|=0x01; break;
 153   2            case 4:T3CON&=0xF8;T3CON|=0x02; break;
 154   2            case 8:T3CON&=0xF8;T3CON|=0x03; break;
 155   2            case 16:T3CON&=0xF8;T3CON|=0x04; break;
 156   2            case 32:T3CON&=0xF8;T3CON|=0x05; break;
 157   2            case 64:T3CON&=0xF8;T3CON|=0x06; break;
 158   2            case 128:T3CON&=0xF8;T3CON|=0x07; break;
 159   2          }
 160   1          TL3TMP = LOBYTE(65536-((u32SYSCLK/1000000)*u32DLYUnit/u8TMDIV));
 161   1          TH3TMP = HIBYTE(65536-((u32SYSCLK/1000000)*u32DLYUnit/u8TMDIV));
 162   1          while (u16CNT != 0)
 163   1          {
C51 COMPILER V9.60.0.0   DELAY                                                             10/09/2026 18:05:23 PAGE 4   

 164   2            clr_T3CON_TF3;
 165   2            RL3 = TL3TMP;
 166   2            RH3 = TH3TMP;
 167   2            set_T3CON_TR3;                                    //Trigger Timer3
 168   2            while (!(T3CON&SET_BIT4));    //Check Timer3 Time-Out Flag
 169   2            clr_T3CON_TF3;
 170   2            clr_T3CON_TR3;                                    //Stop Timer3
 171   2            u16CNT --;
 172   2          }
 173   1      }


MODULE INFORMATION:   STATIC OVERLAYABLE
   CODE SIZE        =   1124    ----
   CONSTANT SIZE    =   ----    ----
   XDATA SIZE       =   ----      43
   PDATA SIZE       =   ----    ----
   DATA SIZE        =   ----    ----
   IDATA SIZE       =   ----    ----
   BIT SIZE         =   ----    ----
   EDATA SIZE       =   ----    ----
   HDATA SIZE       =   ----    ----
   XDATA CONST SIZE =   ----    ----
   FAR CONST SIZE   =   ----    ----
END OF MODULE INFORMATION.


C51 COMPILATION COMPLETE.  0 WARNING(S),  0 ERROR(S)
