C51 COMPILER V9.60.0.0   UART                                                              10/09/2026 12:00:22 PAGE 1   


C51 COMPILER V9.60.0.0, COMPILATION OF MODULE UART
OBJECT MODULE PLACED IN .\Output\uart.obj
COMPILER INVOKED BY: D:\Applications\C51\BIN\C51.EXE vendor\MS51_BSP\MS51FC0AE_MS51XC0BE_MS51EB0AE_MS51EC0AE_MS51TC0AE_M
                    -S51PC0AE\Library\StdDriver\src\uart.c LARGE OMF2 OPTIMIZE(7,SPEED) BROWSE INCDIR(.\src;vendor\MS51_BSP\MS51FC0AE_MS51XC0
                    -BE_MS51EB0AE_MS51EC0AE_MS51TC0AE_MS51PC0AE\Library\Device\Include;vendor\MS51_BSP\MS51FC0AE_MS51XC0BE_MS51EB0AE_MS51EC0A
                    -E_MS51TC0AE_MS51PC0AE\Library\StdDriver\inc) DEBUG PRINT(.\lst\uart.lst) TABS(2) OBJECT(.\Output\uart.obj)

line level    source

   1          /*--------------------------------------------------------------------------------------------------------
             --*/
   2          /*                                                                                                        
             - */
   3          /* SPDX-License-Identifier: Apache-2.0                                                                    
             - */
   4          /* Copyright(c) 2024 Nuvoton Technology Corp. All rights reserved.                                        
             - */
   5          /*                                                                                                        
             - */
   6          /*--------------------------------------------------------------------------------------------------------
             --*/
   7          #include "numicro_8051.h"
   8          
   9          BIT PRINTFG, uart0_receive_flag, uart1_receive_flag;
  10          uint8_t uart0_receive_data, uart1_receive_data;
  11          
  12          #if 0
              /* UART0 interrupt vector demo */
              #if defined __C51__
              void Serial_ISR(void)  interrupt 4
              #elif defined __ICC8051__
              #pragma vector=0x23
              __interrupt void SerialPort0_ISR(void)
              #elif defined __SDCC__
              void Serial_ISR(void) __interrupt (4)
              #endif
              {
                  PUSH_SFRS;
                  if (RI)
                  {
                      uart0_receive_flag = 1;
                      uart0_receive_data = SBUF;
                      clr_SCON_RI;                                         // Clear RI (Receive Interrupt).
                  }
              
                  if (TI)
                  {
                      if (!PRINTFG)
                      {
                          TI = 0;
                      }
                  }
                  POP_SFRS;
              }  
              
              
              /* UART1 interrupt vector demo */
              #if defined __C51__
              void SerialPort1_ISR(void) interrupt 15
              #elif defined __ICC8051__
              #pragma vector=0x7B
C51 COMPILER V9.60.0.0   UART                                                              10/09/2026 12:00:22 PAGE 2   

              __interrupt void SerialPort1_ISR(void)
              #elif defined __SDCC__
              void SerialPort1_ISR(void) __interrupt (15)
              #endif
              {
                  PUSH_SFRS;
              
                  if (RI_1 == 1)
                  {
                      clr_SCON_1_RI_1;                             /* clear reception flag for next reception */
                      uart1_receive_data = SBUF_1;
                      uart1_receive_flag = 1;
                  }
              
                  if (TI_1 == 1)
                  {
                      if (!PRINTFG)
                      {
                          clr_SCON_1_TI_1;                             /* if emission occur */
                      }
                  }
                  POP_SFRS;
              }  
              #endif 
  71          
  72          void UART_Open(uint32_t u32SysClock, uint8_t u8UARTPort, uint32_t u32Baudrate)
  73          {
  74   1           SFRS = 0;
  75   1           switch (u8UARTPort)
  76   1          {
  77   2              case UART0_Timer1:
  78   2                  SCON = 0x50;            //UART0 Mode1,REN=1,TI=1
  79   2                  TMOD |= 0x20;           //Timer1 Mode1
  80   2                  set_PCON_SMOD;          //UART0 Double Rate Enable
  81   2                  set_CKCON_T1M;
  82   2                  clr_T3CON_BRCK;          //Serial port 0 baud rate clock source = Timer1
  83   2                  TH1 = 256 - (u32SysClock / 16 / u32Baudrate);
  84   2                  set_TCON_TR1;
  85   2                  set_IE_ES;
  86   2                  break;
  87   2      
  88   2              case UART0_Timer3:
  89   2                  SCON = 0x50;          //UART0 Mode1,REN=1,TI=1
  90   2                  set_PCON_SMOD;        //UART0 Double Rate Enable
  91   2                  T3CON &= 0xF8;        //T3PS2=0,T3PS1=0,T3PS0=0(Prescale=1)
  92   2                  set_T3CON_BRCK;        //UART0 baud rate clock source = Timer3
  93   2                  RH3    = HIBYTE(65536 - (u32SysClock / 16 / u32Baudrate));
  94   2                  RL3    = LOBYTE(65536 - (u32SysClock / 16 / u32Baudrate));
  95   2                  set_T3CON_TR3;         //Trigger Timer3
  96   2                  set_IE_ES;
  97   2                  break;
  98   2      
  99   2              case UART1_Timer3:
 100   2                  SCON_1 = 0x50;          //UART1 Mode1,REN_1=1,TI_1=1
 101   2                  T3CON = 0x80;           //T3PS2=0,T3PS1=0,T3PS0=0(Prescale=1), UART1 in MODE 1
 102   2                  RH3    = HIBYTE(65536 - (u32SysClock/16/u32Baudrate));  
 103   2                  RL3    = LOBYTE(65536 - (u32SysClock/16/u32Baudrate));     
 104   2                  set_T3CON_TR3;             //Trigger Timer3
 105   2                  set_EIE1_ES_1;
 106   2                  break;
 107   2          }
 108   1       }
C51 COMPILER V9.60.0.0   UART                                                              10/09/2026 12:00:22 PAGE 3   

 109          
 110          uint8_t Receive_Data(uint8_t UARTPort)
 111          {
 112   1          uint8_t c;
 113   1      
 114   1          c = 0;
 115   1          SFRS = 0;
 116   1          switch (UARTPort)
 117   1          {
 118   2              case UART0:
 119   2                  while (!RI);
 120   2                  c = SBUF;
 121   2                  RI = 0;
 122   2                  break;
 123   2      
 124   2              case UART1:
 125   2                  while (!RI_1);
 126   2                  c = SBUF_1;
 127   2                  RI_1 = 0;
 128   2                  break;
 129   2          }
 130   1      
 131   1          return (c);
 132   1      }
 133          
 134          void UART_Send_Data(uint8_t UARTPort, uint8_t c)
 135          {
 136   1          switch (UARTPort)
 137   1          {
 138   2            case UART0:
 139   2            DISABLE_UART0_INTERRUPT;
 140   2              SBUF = c;
 141   2              while(!TI);
 142   2              TI=0;
 143   2          ENABLE_UART0_INTERRUPT;
 144   2            break;
 145   2            case UART1:
 146   2            DISABLE_UART1_INTERRUPT;
 147   2              SBUF_1 = c;
 148   2              while(!TI_1);
 149   2              TI_1=0;
 150   2          ENABLE_UART1_INTERRUPT;
 151   2          ENABLE_GLOBAL_INTERRUPT;
 152   2            break;
 153   2          }
 154   1      }
 155          
 156          void Enable_UART0_VCOM_printf_24M_115200(void)
 157          {
 158   1          P06_QUASI_MODE;
 159   1          UART_Open(24000000,UART0_Timer1,115200);
 160   1          ENABLE_UART0_PRINTF;
 161   1          DISABLE_UART0_INTERRUPT;
 162   1      }


MODULE INFORMATION:   STATIC OVERLAYABLE
   CODE SIZE        =    494    ----
   CONSTANT SIZE    =   ----    ----
   XDATA SIZE       =      2       9
   PDATA SIZE       =   ----    ----
   DATA SIZE        =   ----    ----
C51 COMPILER V9.60.0.0   UART                                                              10/09/2026 12:00:22 PAGE 4   

   IDATA SIZE       =   ----    ----
   BIT SIZE         =      3    ----
   EDATA SIZE       =   ----    ----
   HDATA SIZE       =   ----    ----
   XDATA CONST SIZE =   ----    ----
   FAR CONST SIZE   =   ----    ----
END OF MODULE INFORMATION.


C51 COMPILATION COMPLETE.  0 WARNING(S),  0 ERROR(S)
