C51 COMPILER V9.60.0.0   I2C                                                               10/08/2026 19:00:00 PAGE 1   


C51 COMPILER V9.60.0.0, COMPILATION OF MODULE I2C
OBJECT MODULE PLACED IN .\Output\i2c.obj
COMPILER INVOKED BY: D:\Applications\C51\BIN\C51.EXE ..\..\..\..\Library\StdDriver\src\i2c.c LARGE OMF2 OPTIMIZE(7,SPEED
                    -) BROWSE INCDIR(..\..\..\..\Library\Device\Include;..\..\..\..\Library\StdDriver\inc) DEBUG PRINT(.\lst\i2c.lst) TABS(2)
                    - OBJECT(.\Output\i2c.obj)

line level    source

   1          /*--------------------------------------------------------------------------------------------------------
             --*/
   2          /*                                                                                                        
             - */
   3          /* SPDX-License-Identifier: Apache-2.0                                                                    
             - */
   4          /* Copyright(c) 2024 Nuvoton Technology Corp. All rights reserved.                                        
             - */
   5          /*                                                                                                        
             - */
   6          /*--------------------------------------------------------------------------------------------------------
             --*/
   7          
   8          
   9          #include "numicro_8051.h"
  10          
  11          BIT   I2C_SI_ERROR_FLAG;
  12          
  13          /**
  14            * @brief      Enable specify I2C controller and set divider
  15            * @param[in]  u8I2CSel:  Specify I2C port
  16            *                  - \ref I2C0
  17            *                  - \ref I2C1
  18            * @param[in]  u32SYSCLK: Define Fsys clock value in Hz.
  19            *                  - \ref 8000000
  20            * @param[in]  u32I2CCLK: The target I2C bus clock in Hz. Use HIRC the I2C clock is from 23473 ~ 2000000
  21            * @return     None
  22            * @details    The function enable the specify I2C controller and set proper clock divider
  23            *             in I2C CLOCK DIVIDED REGISTER (I2CLK) according to the target I2C Bus clock.
  24            *             I2C bus clock = PCLK / (4*(u32I2CCLK+1).
  25            * @exmaple :  I2C_Open(24000000,100000);
  26            */
  27          void I2C_Master_Open(uint32_t u32SYSCLK, uint32_t u32I2CCLK)
  28          {
  29   1          SFRS = 0x00;
  30   1          I2CLK = (u32SYSCLK/4/u32I2CCLK-1); 
  31   1          set_I2CON_I2CEN;
  32   1      
  33   1      }
  34          
  35          /**
  36            * @brief      Enable specify I2C Slave address
  37            * @param[in]  u8I2CSel:  Specify I2C port
  38            *                  - \ref I2C0
  39            *                  - \ref I2C1
  40            * @param[in]  u32SYSCLK: Define Fsys clock value in Hz.
  41            *                  - \ref 8000000
  42            * @param[in]  u32I2CCLK: The target I2C bus clock in Hz. Use HIRC the I2C clock is from 23473 ~ 2000000
  43            * @return     None
  44            * @details    The function enable the specify I2C controller and set proper clock divider
  45            *             in I2C CLOCK DIVIDED REGISTER (I2CLK) according to the target I2C Bus clock.
  46            *             I2C bus clock = PCLK / (4*(u32I2CCLK+1).
  47            * @exmaple :  I2C_Slave_Open(0xA4);
C51 COMPILER V9.60.0.0   I2C                                                               10/08/2026 19:00:00 PAGE 2   

  48            */
  49          void I2C_Slave_Open( uint8_t u8SlaveAddress0)
  50          {
  51   1              SFRS = 0; 
  52   1              I2ADDR = u8SlaveAddress0; 
  53   1              set_I2CON_I2CEN;
  54   1              set_I2CON_AA;
  55   1      }
  56          /**
  57            * @brief      Disable I2C function
  58            * @param[in]  u8I2CSel:  Specify I2C port
  59            *                  - \ref I2C0
  60            *                  - \ref I2C1
  61            * @exmaple :  I2C0_Close(I2C0);
  62          */
  63          void I2C_Close(void)
  64          {
  65   1          SFRS = 0;
  66   1          clr_I2CON_I2CEN;
  67   1      }
  68          
  69          /**
  70            * @brief      Enable specify I2C controller interrupt, also need enable globle interrupt in main loop.
  71            * @param[in]  u8I2CSel:  Specify I2C port
  72            *                  - \ref I2C0
  73            *                  - \ref I2C1
  74            * @param[in]  u8I2CStatus:  Specify I2C interrupt status
  75            *                  - \ref Enable
  76            *                  - \ref Disable
  77            * @exmaple :  I2C_Interrupt();
  78          */
  79          void I2C_Interrupt(uint8_t u8I2CStatus)
  80          {
  81   1          SFRS = 0;
  82   1               switch (u8I2CStatus)
  83   1               {
  84   2                 case Enable: ENABLE_I2C_INTERRUPT; break;
  85   2                 case Disable: DISABLE_I2C_INTERRUPT; break;
  86   2               }
  87   1      }
  88          
  89          /**
  90            * @brief      Get I2C bus status value
  91            * @param[in]  u8I2CSel:  Specify I2C port
  92            * @param[in]  u8I2CSel:  Specify I2C port
  93            *                  - \ref I2C0
  94            *                  - \ref I2C1
  95            * @return     I2C status data 
  96            * @exmaple :  I2C_GetStatus(I2C0);
  97          */
  98          uint8_t I2C_GetStatus(void)
  99          {
 100   1          uint8_t u8i2cstat;
 101   1          SFRS = 0;
 102   1           u8i2cstat=I2STAT;
 103   1          return (u8i2cstat);
 104   1      }
 105          
 106          /**
 107           * @brief      Enable Time-out Function with support long time-out
 108           * @param[in]  u8I2CSel:  Specify I2C port
 109            *                  - \ref I2C0
C51 COMPILER V9.60.0.0   I2C                                                               10/08/2026 19:00:00 PAGE 3   

 110            *                  - \ref I2C1
 111            * @param[in]  u8I2CTRStatus:  Specify I2C Timer status
 112            *                  - \ref Enable
 113            *                  - \ref Disable
 114           * @return     None
 115           * @Note       This function enable time-out function and configure DIV4 to support longer time-out.
 116           * @example    I2C_Timeout(Enable);
 117           */
 118          void I2C_Timeout( uint8_t u8I2CTRStatus )
 119          {
 120   1              switch (u8I2CTRStatus)
 121   1              {
 122   2                case Enable: set_I2TOC_DIV; set_I2TOC_I2TOCEN; break;
 123   2                case Disable: clr_I2TOC_I2TOCEN; break;
 124   2              }
 125   1      }
 126          
 127          void I2C_ClearTimeoutFlag(void)
 128          {
 129   1          SFRS = 0;
 130   1          I2TOC&=0xFE; ;
 131   1      }
 132          
 133          /**
 134           * @brief      I2C SI check
 135           * @param[in]  none
 136           * @return     None
 137           * @details    SI check and confirm with that SI without noise issue
 138           */
 139          void I2C0_SI_Check(void)
 140          {
 141   1          clr_I2CON_SI;
 142   1          
 143   1          while(I2CON&SET_BIT3)     /* while SI=1;  measn noise cause SI clear error. Keep clear try clear SI co
             -mmand*/
 144   1          {
 145   2              clr_I2CON_SI;
 146   2              if(I2CON&SET_BIT3)                /* Disable and re enable I2C to clear SI  */
 147   2              {
 148   3                  clr_I2CON_I2CEN;
 149   3                  set_I2CON_I2CEN;
 150   3                  clr_I2CON_SI;
 151   3              }
 152   2          }
 153   1      }
 154          
 155          /**
 156           * @brief      Special design for noise cause SI clear error. 8051 I2C SI check
 157           * @param[in]  none
 158           * @return     None
 159           * @details    This function special for SI error only.
 160           */
 161          void I2C0_SI_Error(void)
 162          {
 163   1          clr_I2CON_SI;
 164   1          
 165   1          while(I2CON&SET_BIT3)     /* while SI=1;  measn noise cause SI clear error. Keep clear try clear SI co
             -mmand*/
 166   1          {
 167   2              if(I2STAT == 0x00)    /* Check I2C status if bus error */
 168   2              {
 169   3                  set_I2CON_STO;    /* stop all I2C trans  */
C51 COMPILER V9.60.0.0   I2C                                                               10/08/2026 19:00:00 PAGE 4   

 170   3                  I2C_SI_ERROR_FLAG = 1;
 171   3              }
 172   2              clr_I2CON_SI;
 173   2              if(I2CON&SET_BIT3)                /* Disable and re enable I2C to clear SI  */
 174   2              {
 175   3                  clr_I2CON_I2CEN;
 176   3                  set_I2CON_I2CEN;
 177   3                  clr_I2CON_SI;
 178   3                  clr_I2CON_I2CEN;
 179   3              }
 180   2          }
 181   1      }


MODULE INFORMATION:   STATIC OVERLAYABLE
   CODE SIZE        =    185    ----
   CONSTANT SIZE    =   ----    ----
   XDATA SIZE       =   ----       8
   PDATA SIZE       =   ----    ----
   DATA SIZE        =   ----    ----
   IDATA SIZE       =   ----    ----
   BIT SIZE         =      1    ----
   EDATA SIZE       =   ----    ----
   HDATA SIZE       =   ----    ----
   XDATA CONST SIZE =   ----    ----
   FAR CONST SIZE   =   ----    ----
END OF MODULE INFORMATION.


C51 COMPILATION COMPLETE.  0 WARNING(S),  0 ERROR(S)
